# Scenario: smoke/plugin-runtime-continuum
# Source: /home/demfabris/dev/zz-c11-capture-fix/compat/scenarios/smoke/plugin-runtime-continuum.txt
# Strict geometry: no

## Step 1
COMMAND: run-shell 'python3 ~/continuum-runtime.py'
zz exit: 0
tmux exit: 0
zz stderr:
    <empty>
tmux stderr:
    <empty>
zz stdout:
    CONTINUUM_STATUS_RIGHT=#(<PLUGIN>/scripts/continuum_save.sh)#(<PLUGIN>/scripts/continuum_status.sh)
    CONTINUUM_SAVE_SCRIPT=<PLUGIN>/scripts/save.sh
    CONTINUUM_STATUS_TEXT[15]=15
    CONTINUUM_STATUS_TEXT[0]=off
    CONTINUUM_SAVE_TIMESTAMP_ADVANCED=True
    CONTINUUM_SAVE_FILE=True
    CONTINUUM_SAVE_PANES=pane	continuum-runtime	0	1	:*	0	CONTINUUM	:<DIR>	0	sleep	:
    pane	continuum-runtime	0	1	:*	1	<HOST>	:<DIR>	1	sleep	:
    CONTINUUM_SAVE_PANE_FIELDS=11,11
    CONTINUUM_SAVE_PANE_TITLES=CONTINUUM,<HOST>
tmux stdout:
    CONTINUUM_STATUS_RIGHT=#(<PLUGIN>/scripts/continuum_save.sh)#(<PLUGIN>/scripts/continuum_status.sh)
    CONTINUUM_SAVE_SCRIPT=<PLUGIN>/scripts/save.sh
    CONTINUUM_STATUS_TEXT[15]=15
    CONTINUUM_STATUS_TEXT[0]=off
    CONTINUUM_SAVE_TIMESTAMP_ADVANCED=True
    CONTINUUM_SAVE_FILE=True
    CONTINUUM_SAVE_PANES=pane	continuum-runtime	0	1	:*	0	CONTINUUM	:<DIR>	0	sleep	:
    pane	continuum-runtime	0	1	:*	1	<HOST>	:<DIR>	1	sleep	:
    CONTINUUM_SAVE_PANE_FIELDS=11,11
    CONTINUUM_SAVE_PANE_TITLES=CONTINUUM,<HOST>
COMMAND EXIT-CLASS: clean
SMOKE STDOUT: clean
SMOKE STDERR: clean
TOPO: clean
GEO: clean

## Step 2
COMMAND: out: show-environment -g ZZ_CONTINUUM_RUNTIME
zz exit: 0
tmux exit: 0
zz stderr:
    <empty>
tmux stderr:
    <empty>
zz stdout:
    ZZ_CONTINUUM_RUNTIME=clean:status-job-and-save-trigger
tmux stdout:
    ZZ_CONTINUUM_RUNTIME=clean:status-job-and-save-trigger
OUT: clean
SMOKE STDERR: clean
TOPO: clean
GEO: clean

SUMMARY steps=2 topo_divergences=0 geo_divergences=0 fmt_divergences=0 out_divergences=0 warn_divergences=0
