# Scenario: mru-activity
# Source: /home/demfabris/dev/zz-c11-capture-residuals/compat/scenarios/mru-activity.txt
# Strict geometry: yes

## Step 1
COMMAND: new-session -d -s A
zz exit: 0
tmux exit: 0
zz stderr:
    <empty>
tmux stderr:
    <empty>
COMMAND EXIT-CLASS: clean
TOPO: clean
GEO: clean

## Step 2
COMMAND: new-session -d -s B -c /tmp
zz exit: 0
tmux exit: 0
zz stderr:
    <empty>
tmux stderr:
    <empty>
COMMAND EXIT-CLASS: clean
TOPO: clean
GEO: clean

## Step 3
COMMAND: list-panes -t A
zz exit: 0
tmux exit: 0
zz stderr:
    <empty>
tmux stderr:
    <empty>
zz stdout:
    0: [80x24] [history 0/10000, 0 bytes] %1 (active)
tmux stdout:
    0: [80x24] [history 0/2000, 1360 bytes] %1 (active)
COMMAND EXIT-CLASS: clean
TOPO: clean
GEO: clean

## Step 4
COMMAND: rename-window -t A:0 zz1
zz exit: 0
tmux exit: 0
zz stderr:
    <empty>
tmux stderr:
    <empty>
COMMAND EXIT-CLASS: clean
TOPO: clean
GEO: clean

## Step 5
COMMAND: set-option -t A base-index 0
zz exit: 0
tmux exit: 0
zz stderr:
    <empty>
tmux stderr:
    <empty>
COMMAND EXIT-CLASS: clean
TOPO: clean
GEO: clean

## Step 6
COMMAND: select-window -t A:0
zz exit: 0
tmux exit: 0
zz stderr:
    <empty>
tmux stderr:
    <empty>
COMMAND EXIT-CLASS: clean
TOPO: clean
GEO: clean

## Step 7
COMMAND: new-session -d -s probe -c '#{pane_current_path}'
zz exit: 0
tmux exit: 0
zz stderr:
    <empty>
tmux stderr:
    <empty>
COMMAND EXIT-CLASS: clean
TOPO: clean
GEO: clean

## Step 8
COMMAND: out: display-message -p -t probe:0 #{pane_current_path}
zz exit: 0
tmux exit: 0
zz stderr:
    <empty>
tmux stderr:
    <empty>
zz stdout:
    /tmp
tmux stdout:
    /tmp
OUT: clean
TOPO: clean
GEO: clean

## Step 9
COMMAND: out: list-panes -a -F #{session_name}:#{window_index}.#{pane_index}
zz exit: 0
tmux exit: 0
zz stderr:
    <empty>
tmux stderr:
    <empty>
zz stdout:
    A:0.0
    B:0.0
    probe:0.0
    w:0.0
tmux stdout:
    A:0.0
    B:0.0
    probe:0.0
    w:0.0
OUT: clean
TOPO: clean
GEO: clean

## Step 10
COMMAND: out: list-windows -a -F #{session_name}:#{window_index}
zz exit: 0
tmux exit: 0
zz stderr:
    <empty>
tmux stderr:
    <empty>
zz stdout:
    A:0
    B:0
    probe:0
    w:0
tmux stdout:
    A:0
    B:0
    probe:0
    w:0
OUT: clean
TOPO: clean
GEO: clean

## Step 11
COMMAND: out: list-panes -s -t B -F #{session_name}:#{window_index}.#{pane_index}
zz exit: 0
tmux exit: 0
zz stderr:
    <empty>
tmux stderr:
    <empty>
zz stdout:
    B:0.0
tmux stdout:
    B:0.0
OUT: clean
TOPO: clean
GEO: clean

SUMMARY steps=11 topo_divergences=0 geo_divergences=0 fmt_divergences=0 out_divergences=0 warn_divergences=0
