# Scenario: smoke/args-parse-display-menu
# Source: /home/demfabris/dev/zz-c11-capture-residuals/compat/scenarios/smoke/args-parse-display-menu.txt
# Strict geometry: yes

## Step 1
COMMAND: out: set-environment -gu ARGS_PARSE_DISPLAY_MENU
zz exit: 0
tmux exit: 0
zz stderr:
    <empty>
tmux stderr:
    <empty>
OUT: clean
SMOKE STDERR: clean
TOPO: clean
GEO: clean

## Step 2
COMMAND: run-shell 'sh ~/args-parse-display-menu.sh'
zz exit: 0
tmux exit: 0
zz stderr:
    <empty>
tmux stderr:
    <empty>
COMMAND EXIT-CLASS: clean
SMOKE STDOUT: clean
SMOKE STDERR: clean
TOPO: clean
GEO: clean

## Step 3
COMMAND: out: show-environment -g ARGS_PARSE_DISPLAY_MENU
zz exit: 0
tmux exit: 0
zz stderr:
    <empty>
tmux stderr:
    <empty>
zz stdout:
    ARGS_PARSE_DISPLAY_MENU=clean:34
tmux stdout:
    ARGS_PARSE_DISPLAY_MENU=clean:34
OUT: clean
SMOKE STDERR: clean
TOPO: clean
GEO: clean

SUMMARY steps=3 topo_divergences=0 geo_divergences=0 fmt_divergences=0 out_divergences=0 warn_divergences=0
