# Scenario: smoke/chooser-kill-on-exit
# Source: /home/demfabris/dev/zz-c11-capture-residuals/compat/scenarios/smoke/chooser-kill-on-exit.txt
# Strict geometry: yes

## Step 1
COMMAND: out: set-environment -gu CHOOSER_KILL_ON_EXIT
zz exit: 0
tmux exit: 0
zz stderr:
    <empty>
tmux stderr:
    <empty>
OUT: clean
SMOKE STDERR: clean
TOPO: clean
GEO: clean

## Step 2
COMMAND: run-shell 'sh ~/chooser-kill-on-exit.sh'
zz exit: 0
tmux exit: 0
zz stderr:
    <empty>
tmux stderr:
    <empty>
COMMAND EXIT-CLASS: clean
SMOKE STDOUT: clean
SMOKE STDERR: clean
TOPO: clean
GEO: clean

## Step 3
COMMAND: out: show-environment -g CHOOSER_KILL_ON_EXIT
zz exit: 0
tmux exit: 0
zz stderr:
    <empty>
tmux stderr:
    <empty>
zz stdout:
    CHOOSER_KILL_ON_EXIT=clean:11
tmux stdout:
    CHOOSER_KILL_ON_EXIT=clean:11
OUT: clean
SMOKE STDERR: clean
TOPO: clean
GEO: clean

SUMMARY steps=3 topo_divergences=0 geo_divergences=0 fmt_divergences=0 out_divergences=0 warn_divergences=0
