# Scenario: smoke/continuum-init
# Source: /home/demfabris/dev/zz-c11-capture-residuals/compat/scenarios/smoke/continuum-init.txt
# Strict geometry: yes

## Step 1
COMMAND: conf: fixtures/continuum-init.conf
zz exit: 0
tmux exit: 0
zz stderr:
    <empty>
tmux stderr:
    <empty>
zz stdout:
    %begin 1789654591 1 0
    %end 1789654591 1 0
    %begin 1789654591 2 0
    %end 1789654591 2 0
    %begin 1789654591 3 0
    %end 1789654591 3 0
    %begin 1789654591 4 0
    %end 1789654591 4 0
    %begin 1789654594 5 0
    %end 1789654594 5 0
    %exit
tmux stdout:
    %begin 1789654594 317 0
    %end 1789654594 317 0
    %begin 1789654594 318 0
    %end 1789654594 318 0
    %begin 1789654594 319 0
    %end 1789654594 319 0
    %begin 1789654594 320 0
    %end 1789654594 320 0
    %begin 1789654594 321 0
    %end 1789654594 321 0
    %exit
COMMAND EXIT-CLASS: clean
WARN zz: clean
WARN tmux: clean
WARN terminator: clean (%end / %end)
SMOKE STDOUT: clean
SMOKE STDERR: clean
TOPO: clean
GEO: clean

## Step 2
COMMAND: out: show-options -gv status-right
zz exit: 0
tmux exit: 0
zz stderr:
    <empty>
tmux stderr:
    <empty>
zz stdout:
    #(/home/demfabris/dev/zz-c11-capture-residuals/compat/results/.smoke-continuum-init.P7xPbx/home/.tmux/plugins/tmux-continuum/scripts/continuum_save.sh)#(/home/demfabris/dev/zz-c11-capture-residuals/compat/results/.smoke-continuum-init.P7xPbx/home/.tmux/plugins/tmux-continuum/scripts/continuum_status.sh)
tmux stdout:
    #(/home/demfabris/dev/zz-c11-capture-residuals/compat/results/.smoke-continuum-init.P7xPbx/home/.tmux/plugins/tmux-continuum/scripts/continuum_save.sh)#(/home/demfabris/dev/zz-c11-capture-residuals/compat/results/.smoke-continuum-init.P7xPbx/home/.tmux/plugins/tmux-continuum/scripts/continuum_status.sh)
OUT: clean
SMOKE STDERR: clean
TOPO: clean
GEO: clean

SUMMARY steps=2 topo_divergences=0 geo_divergences=0 fmt_divergences=0 out_divergences=0 warn_divergences=0
