# Scenario: smoke/copy-mode-search
# Source: /home/demfabris/dev/zz-c11-capture-residuals/compat/scenarios/smoke/copy-mode-search.txt
# Strict geometry: yes

## Step 1
COMMAND: out: set-environment -gu COPY_MODE_SEARCH
zz exit: 0
tmux exit: 0
zz stderr:
    <empty>
tmux stderr:
    <empty>
OUT: clean
SMOKE STDERR: clean
TOPO: clean
GEO: clean

## Step 2
COMMAND: run-shell 'sh ~/copy-mode-search.sh'
zz exit: 0
tmux exit: 0
zz stderr:
    <empty>
tmux stderr:
    <empty>
COMMAND EXIT-CLASS: clean
SMOKE STDOUT: clean
SMOKE STDERR: clean
TOPO: clean
GEO: clean

## Step 3
COMMAND: out: show-environment -g COPY_MODE_SEARCH
zz exit: 0
tmux exit: 0
zz stderr:
    <empty>
tmux stderr:
    <empty>
zz stdout:
    COPY_MODE_SEARCH=clean:26
tmux stdout:
    COPY_MODE_SEARCH=clean:26
OUT: clean
SMOKE STDERR: clean
TOPO: clean
GEO: clean

SUMMARY steps=3 topo_divergences=0 geo_divergences=0 fmt_divergences=0 out_divergences=0 warn_divergences=0
