# Scenario: smoke/display-popup-to-pane
# Source: /home/demfabris/dev/zz-c11-capture-residuals/compat/scenarios/smoke/display-popup-to-pane.txt
# Strict geometry: yes

## Step 1
COMMAND: out: set-environment -gu DISPLAY_POPUP_TO_PANE
zz exit: 0
tmux exit: 0
zz stderr:
    <empty>
tmux stderr:
    <empty>
OUT: clean
SMOKE STDERR: clean
TOPO: clean
GEO: clean

## Step 2
COMMAND: run-shell 'sh ~/display-popup-to-pane.sh'
zz exit: 0
tmux exit: 0
zz stderr:
    <empty>
tmux stderr:
    <empty>
COMMAND EXIT-CLASS: clean
SMOKE STDOUT: clean
SMOKE STDERR: clean
TOPO: clean
GEO: clean

## Step 3
COMMAND: out: show-environment -g DISPLAY_POPUP_TO_PANE
zz exit: 0
tmux exit: 0
zz stderr:
    <empty>
tmux stderr:
    <empty>
zz stdout:
    DISPLAY_POPUP_TO_PANE=clean:7
tmux stdout:
    DISPLAY_POPUP_TO_PANE=clean:7
OUT: clean
SMOKE STDERR: clean
TOPO: clean
GEO: clean

SUMMARY steps=3 topo_divergences=0 geo_divergences=0 fmt_divergences=0 out_divergences=0 warn_divergences=0
