# Scenario: smoke/fixture-conf
# Source: /home/demfabris/dev/zz-c11-capture-residuals/compat/scenarios/smoke/fixture-conf.txt
# Strict geometry: yes

## Step 1
COMMAND: conf: fixtures/in-tree.conf
zz exit: 0
tmux exit: 0
zz stderr:
    <empty>
tmux stderr:
    <empty>
zz stdout:
    %begin 1789655268 1 0
    %end 1789655268 1 0
    %begin 1789655268 2 0
    %end 1789655268 2 0
    %begin 1789655268 3 0
    %end 1789655268 3 0
    %begin 1789655268 4 0
    %end 1789655268 4 0
    %begin 1789655268 5 0
    %end 1789655268 5 0
    %begin 1789655268 6 0
    %end 1789655268 6 0
    %begin 1789655268 7 0
    %end 1789655268 7 0
    %begin 1789655269 8 0
    %end 1789655269 8 0
    %begin 1789655269 9 0
    %end 1789655269 9 0
    %begin 1789655269 10 0
    %end 1789655269 10 0
    %begin 1789655269 11 0
    %end 1789655269 11 0
    %begin 1789655269 12 0
    %end 1789655269 12 0
    %begin 1789655269 13 0
    %end 1789655269 13 0
    %begin 1789655269 14 0
    %end 1789655269 14 0
    %begin 1789655269 15 0
    %end 1789655269 15 0
    %begin 1789655271 16 0
    %end 1789655271 16 0
    %begin 1789655271 17 0
    %end 1789655271 17 0
    %exit
tmux stdout:
    %begin 1789655271 317 0
    %end 1789655271 317 0
    %begin 1789655271 318 0
    %end 1789655271 318 0
    %begin 1789655271 319 0
    %end 1789655271 319 0
    %begin 1789655271 320 0
    %end 1789655271 320 0
    %begin 1789655271 321 0
    %end 1789655271 321 0
    %begin 1789655271 322 0
    %end 1789655271 322 0
    %begin 1789655271 323 0
    %end 1789655271 323 0
    %begin 1789655271 324 0
    %end 1789655271 324 0
    %begin 1789655271 325 0
    %end 1789655271 325 0
    %begin 1789655271 326 0
    %end 1789655271 326 0
    %begin 1789655271 327 0
    %end 1789655271 327 0
    %begin 1789655271 328 0
    %end 1789655271 328 0
    %begin 1789655271 329 0
    %end 1789655271 329 0
    %begin 1789655271 330 0
    %end 1789655271 330 0
    %begin 1789655271 331 0
    %end 1789655271 331 0
    %begin 1789655271 332 0
    %end 1789655271 332 0
    %begin 1789655271 333 0
    %end 1789655271 333 0
    %exit
COMMAND EXIT-CLASS: clean
WARN zz: clean
WARN tmux: clean
WARN terminator: clean (%end / %end)
SMOKE STDOUT: clean
SMOKE STDERR: clean
TOPO: clean
GEO: clean

## Step 2
COMMAND: keys: root F2
zz exit: 0
tmux exit: 0
zz stderr:
    <empty>
tmux stderr:
    <empty>
zz stdout:
    root|F2|0|split-window -h
tmux stdout:
    root|F2|0|split-window -h
COMMAND EXIT-CLASS: clean
SMOKE STDOUT: clean
SMOKE STDERR: clean
TOPO: clean
GEO: clean

## Step 3
COMMAND: keys: prefix c
zz exit: 0
tmux exit: 0
zz stderr:
    <empty>
tmux stderr:
    <empty>
zz stdout:
    prefix|c|0|new-window -n scratch
tmux stdout:
    prefix|c|0|new-window -n scratch
COMMAND EXIT-CLASS: clean
SMOKE STDOUT: clean
SMOKE STDERR: clean
TOPO: clean
GEO: clean

## Step 4
COMMAND: keys: prefix R
zz exit: 0
tmux exit: 0
zz stderr:
    <empty>
tmux stderr:
    <empty>
zz stdout:
    prefix|R|0|command-prompt -I "#S" "rename-session -- '%%'"
tmux stdout:
    prefix|R|0|command-prompt -I "#S" "rename-session -- '%%'"
COMMAND EXIT-CLASS: clean
SMOKE STDOUT: clean
SMOKE STDERR: clean
TOPO: clean
GEO: clean

## Step 5
COMMAND: keys: prefix W
zz exit: 0
tmux exit: 0
zz stderr:
    <empty>
tmux stderr:
    <empty>
zz stdout:
    prefix|W|0|command-prompt -I "#W" "rename-window -- '%%'"
tmux stdout:
    prefix|W|0|command-prompt -I "#W" "rename-window -- '%%'"
COMMAND EXIT-CLASS: clean
SMOKE STDOUT: clean
SMOKE STDERR: clean
TOPO: clean
GEO: clean

SUMMARY steps=5 topo_divergences=0 geo_divergences=0 fmt_divergences=0 out_divergences=0 warn_divergences=0
