# Scenario: smoke/jobs-command-environment
# Source: /home/demfabris/dev/zz-c11-capture-residuals/compat/scenarios/smoke/jobs-command-environment.txt
# Strict geometry: yes

## Step 1
COMMAND: out: set-environment -gu JOBS_COMMAND_ENVIRONMENT
zz exit: 0
tmux exit: 0
zz stderr:
    <empty>
tmux stderr:
    <empty>
OUT: clean
SMOKE STDERR: clean
TOPO: clean
GEO: clean

## Step 2
COMMAND: run-shell 'sh ~/jobs-command-environment.sh'
zz exit: 0
tmux exit: 0
zz stderr:
    <empty>
tmux stderr:
    <empty>
COMMAND EXIT-CLASS: clean
SMOKE STDOUT: clean
SMOKE STDERR: clean
TOPO: clean
GEO: clean

## Step 3
COMMAND: out: show-environment -g JOBS_COMMAND_ENVIRONMENT
zz exit: 0
tmux exit: 0
zz stderr:
    <empty>
tmux stderr:
    <empty>
zz stdout:
    JOBS_COMMAND_ENVIRONMENT=clean:12
tmux stdout:
    JOBS_COMMAND_ENVIRONMENT=clean:12
OUT: clean
SMOKE STDERR: clean
TOPO: clean
GEO: clean

SUMMARY steps=3 topo_divergences=0 geo_divergences=0 fmt_divergences=0 out_divergences=0 warn_divergences=0
