# Scenario: smoke/own-conf
# Source: /home/demfabris/dev/zz-c11-capture-residuals/compat/scenarios/smoke/own-conf.txt
# Strict geometry: yes

## Step 1
COMMAND: conf: fixtures/own.conf
zz exit: 0
tmux exit: 0
zz stderr:
    <empty>
tmux stderr:
    <empty>
zz stdout:
    %begin 1789655455 1 0
    %end 1789655455 1 0
    %begin 1789655455 2 0
    %end 1789655455 2 0
    %begin 1789655455 3 0
    %end 1789655455 3 0
    %begin 1789655455 4 0
    %end 1789655455 4 0
    %begin 1789655455 5 0
    %end 1789655455 5 0
    %begin 1789655455 6 0
    %end 1789655455 6 0
    %begin 1789655455 7 0
    %end 1789655455 7 0
    %begin 1789655455 8 0
    %end 1789655455 8 0
    %begin 1789655455 9 0
    %end 1789655455 9 0
    %begin 1789655455 10 0
    %end 1789655455 10 0
    %begin 1789655455 11 0
    %end 1789655455 11 0
    %begin 1789655455 12 0
    %end 1789655455 12 0
    %begin 1789655455 13 0
    %end 1789655455 13 0
    %begin 1789655455 14 0
    %end 1789655455 14 0
    %begin 1789655455 15 0
    %end 1789655455 15 0
    %begin 1789655455 16 0
    %end 1789655455 16 0
    %begin 1789655455 17 0
    %end 1789655455 17 0
    %begin 1789655455 18 0
    %end 1789655455 18 0
    %begin 1789655455 19 0
    %end 1789655455 19 0
    %begin 1789655455 20 0
    %end 1789655455 20 0
    %begin 1789655455 21 0
    %end 1789655455 21 0
    %begin 1789655455 22 0
    %end 1789655455 22 0
    %begin 1789655455 23 0
    %end 1789655455 23 0
    %begin 1789655456 24 0
    %end 1789655456 24 0
    %begin 1789655456 25 0
    %end 1789655456 25 0
    %begin 1789655456 26 0
    %end 1789655456 26 0
    %begin 1789655456 27 0
    %end 1789655456 27 0
    %begin 1789655456 28 0
    %end 1789655456 28 0
    %begin 1789655456 29 0
    %end 1789655456 29 0
    %begin 1789655456 30 0
    %end 1789655456 30 0
    %begin 1789655456 31 0
    %end 1789655456 31 0
    %begin 1789655456 32 0
    %end 1789655456 32 0
    %begin 1789655456 33 0
    %end 1789655456 33 0
    %begin 1789655456 34 0
    %end 1789655456 34 0
    %begin 1789655456 35 0
    %end 1789655456 35 0
    %begin 1789655456 36 0
    %end 1789655456 36 0
    %begin 1789655456 37 0
    %end 1789655456 37 0
    %begin 1789655456 38 0
    %end 1789655456 38 0
    %begin 1789655456 39 0
    %end 1789655456 39 0
    %begin 1789655456 40 0
    %end 1789655456 40 0
    %begin 1789655456 41 0
    %end 1789655456 41 0
    %begin 1789655456 42 0
    %end 1789655456 42 0
    %begin 1789655456 43 0
    %end 1789655456 43 0
    %begin 1789655456 44 0
    %end 1789655456 44 0
    %begin 1789655456 45 0
    %end 1789655456 45 0
    %begin 1789655456 46 0
    %end 1789655456 46 0
    %begin 1789655456 47 0
    %end 1789655456 47 0
    %begin 1789655456 48 0
    %end 1789655456 48 0
    %begin 1789655456 49 0
    %end 1789655456 49 0
    %begin 1789655456 50 0
    %end 1789655456 50 0
    %begin 1789655456 51 0
    %end 1789655456 51 0
    %begin 1789655456 52 0
    %end 1789655456 52 0
    %begin 1789655456 53 0
    %end 1789655456 53 0
    %begin 1789655456 54 0
    %end 1789655456 54 0
    %begin 1789655456 55 0
    %end 1789655456 55 0
    %begin 1789655456 56 0
    %end 1789655456 56 0
    %begin 1789655456 57 0
    %end 1789655456 57 0
    %begin 1789655456 58 0
    %end 1789655456 58 0
    %begin 1789655456 59 0
    %end 1789655456 59 0
    %begin 1789655456 60 0
    %end 1789655456 60 0
    %begin 1789655456 61 0
    %end 1789655456 61 0
    %begin 1789655456 62 0
    %end 1789655456 62 0
    %begin 1789655456 63 0
    %end 1789655456 63 0
    %begin 1789655456 64 0
    %end 1789655456 64 0
    %begin 1789655456 65 0
    %end 1789655456 65 0
    %begin 1789655457 66 0
    %end 1789655457 66 0
    %exit
tmux stdout:
    %begin 1789655457 316 0
    %end 1789655457 316 0
    %begin 1789655457 317 0
    %end 1789655457 317 0
    %begin 1789655457 318 0
    %end 1789655457 318 0
    %begin 1789655457 319 0
    %end 1789655457 319 0
    %begin 1789655457 320 0
    %end 1789655457 320 0
    %begin 1789655457 321 0
    %end 1789655457 321 0
    %begin 1789655457 322 0
    %end 1789655457 322 0
    %begin 1789655457 323 0
    %end 1789655457 323 0
    %begin 1789655457 324 0
    %end 1789655457 324 0
    %begin 1789655457 325 0
    %end 1789655457 325 0
    %begin 1789655457 326 0
    %end 1789655457 326 0
    %begin 1789655457 327 0
    %end 1789655457 327 0
    %begin 1789655457 328 0
    %end 1789655457 328 0
    %begin 1789655457 329 0
    %end 1789655457 329 0
    %begin 1789655457 330 0
    %end 1789655457 330 0
    %begin 1789655457 331 0
    %end 1789655457 331 0
    %begin 1789655457 332 0
    %end 1789655457 332 0
    %begin 1789655457 333 0
    %end 1789655457 333 0
    %begin 1789655457 334 0
    %end 1789655457 334 0
    %begin 1789655457 335 0
    %end 1789655457 335 0
    %begin 1789655457 336 0
    %end 1789655457 336 0
    %begin 1789655457 337 0
    %end 1789655457 337 0
    %begin 1789655457 338 0
    %end 1789655457 338 0
    %begin 1789655457 339 0
    %end 1789655457 339 0
    %begin 1789655457 340 0
    %end 1789655457 340 0
    %begin 1789655457 341 0
    %end 1789655457 341 0
    %begin 1789655457 342 0
    %end 1789655457 342 0
    %begin 1789655457 343 0
    %end 1789655457 343 0
    %begin 1789655457 344 0
    %end 1789655457 344 0
    %begin 1789655457 345 0
    %end 1789655457 345 0
    %begin 1789655457 346 0
    %end 1789655457 346 0
    %begin 1789655457 347 0
    %end 1789655457 347 0
    %begin 1789655457 348 0
    %end 1789655457 348 0
    %begin 1789655457 349 0
    %end 1789655457 349 0
    %begin 1789655457 350 0
    %end 1789655457 350 0
    %begin 1789655457 351 0
    %end 1789655457 351 0
    %begin 1789655457 352 0
    %end 1789655457 352 0
    %begin 1789655457 353 0
    %end 1789655457 353 0
    %begin 1789655457 354 0
    %end 1789655457 354 0
    %begin 1789655457 355 0
    %end 1789655457 355 0
    %begin 1789655457 356 0
    %end 1789655457 356 0
    %begin 1789655457 357 0
    %end 1789655457 357 0
    %begin 1789655457 358 0
    %end 1789655457 358 0
    %begin 1789655457 359 0
    %end 1789655457 359 0
    %begin 1789655457 360 0
    %end 1789655457 360 0
    %begin 1789655457 361 0
    %end 1789655457 361 0
    %begin 1789655457 362 0
    %end 1789655457 362 0
    %begin 1789655457 363 0
    %end 1789655457 363 0
    %begin 1789655457 364 0
    %end 1789655457 364 0
    %begin 1789655457 365 0
    %end 1789655457 365 0
    %begin 1789655457 366 0
    %end 1789655457 366 0
    %begin 1789655457 367 0
    %end 1789655457 367 0
    %begin 1789655457 368 0
    %end 1789655457 368 0
    %begin 1789655457 369 0
    %end 1789655457 369 0
    %begin 1789655457 370 0
    %end 1789655457 370 0
    %begin 1789655457 371 0
    %end 1789655457 371 0
    %begin 1789655457 372 0
    %end 1789655457 372 0
    %begin 1789655457 373 0
    %end 1789655457 373 0
    %begin 1789655457 374 0
    %end 1789655457 374 0
    %begin 1789655457 375 0
    %end 1789655457 375 0
    %begin 1789655457 376 0
    %end 1789655457 376 0
    %begin 1789655457 377 0
    %end 1789655457 377 0
    %begin 1789655457 378 0
    %end 1789655457 378 0
    %begin 1789655457 379 0
    %end 1789655457 379 0
    %begin 1789655457 380 0
    %end 1789655457 380 0
    %begin 1789655457 381 0
    %end 1789655457 381 0
    %exit
COMMAND EXIT-CLASS: clean
WARN zz: clean
WARN tmux: clean
WARN terminator: clean (%end / %end)
SMOKE STDOUT: clean
SMOKE STDERR: clean
TOPO: clean
GEO: clean

## Step 2
COMMAND: keys: root M-Tab
zz exit: 0
tmux exit: 0
zz stderr:
    <empty>
tmux stderr:
    <empty>
zz stdout:
    root|M-Tab|0|choose-tree -Zs
tmux stdout:
    root|M-Tab|0|choose-tree -Zs
COMMAND EXIT-CLASS: clean
SMOKE STDOUT: clean
SMOKE STDERR: clean
TOPO: clean
GEO: clean

## Step 3
COMMAND: keys: prefix b
zz exit: 0
tmux exit: 0
zz stderr:
    <empty>
tmux stderr:
    <empty>
zz stdout:
    prefix|b|0|set-option -g status \; display-message "status: #{?status,on,off}"
tmux stdout:
    prefix|b|0|set-option -g status \; display-message "status: #{?status,on,off}"
COMMAND EXIT-CLASS: clean
SMOKE STDOUT: clean
SMOKE STDERR: clean
TOPO: clean
GEO: clean

## Step 4
COMMAND: keys: prefix T
zz exit: 0
tmux exit: 0
zz stderr:
    <empty>
tmux stderr:
    <empty>
zz stdout:
    prefix|T|0|run-shell /home/demfabris/dev/zz-c11-capture-residuals/compat/results/.smoke-own-conf.GjBfpP/home/.tmux/bin/apply-theme
tmux stdout:
    prefix|T|0|run-shell /home/demfabris/dev/zz-c11-capture-residuals/compat/results/.smoke-own-conf.GjBfpP/home/.tmux/bin/apply-theme
COMMAND EXIT-CLASS: clean
SMOKE STDOUT: clean
SMOKE STDERR: clean
TOPO: clean
GEO: clean

## Step 5
COMMAND: keys: prefix r
zz exit: 0
tmux exit: 0
zz stderr:
    <empty>
tmux stderr:
    <empty>
zz stdout:
    prefix|r|0|source-file /home/demfabris/dev/zz-c11-capture-residuals/compat/results/.smoke-own-conf.GjBfpP/home/.tmux.conf \; display-message Reloaded!
tmux stdout:
    prefix|r|0|source-file /home/demfabris/dev/zz-c11-capture-residuals/compat/results/.smoke-own-conf.GjBfpP/home/.tmux.conf \; display-message Reloaded!
COMMAND EXIT-CLASS: clean
SMOKE STDOUT: clean
SMOKE STDERR: clean
TOPO: clean
GEO: clean

## Step 6
COMMAND: keys: prefix f
zz exit: 0
tmux exit: 0
zz stderr:
    <empty>
tmux stderr:
    <empty>
zz stdout:
    prefix|f|0|run-shell "/home/demfabris/dev/zz-c11-capture-residuals/compat/results/.smoke-own-conf.GjBfpP/home/.tmux/plugins/tmux-fpp/fpp.tmux start edit"
tmux stdout:
    prefix|f|0|run-shell "/home/demfabris/dev/zz-c11-capture-residuals/compat/results/.smoke-own-conf.GjBfpP/home/.tmux/plugins/tmux-fpp/fpp.tmux start edit"
COMMAND EXIT-CLASS: clean
SMOKE STDOUT: clean
SMOKE STDERR: clean
TOPO: clean
GEO: clean

SUMMARY steps=6 topo_divergences=0 geo_divergences=0 fmt_divergences=0 out_divergences=0 warn_divergences=0
