# Scenario: smoke/pane-border-lines
# Source: /home/demfabris/dev/zz-c11-capture-residuals/compat/scenarios/smoke/pane-border-lines.txt
# Strict geometry: yes

## Step 1
COMMAND: out: set-environment -gu PANE_BORDER_LINES
zz exit: 0
tmux exit: 0
zz stderr:
    <empty>
tmux stderr:
    <empty>
OUT: clean
SMOKE STDERR: clean
TOPO: clean
GEO: clean

## Step 2
COMMAND: run-shell 'sh ~/pane-border-lines.sh'
zz exit: 0
tmux exit: 0
zz stderr:
    <empty>
tmux stderr:
    <empty>
COMMAND EXIT-CLASS: clean
SMOKE STDOUT: clean
SMOKE STDERR: clean
TOPO: clean
GEO: clean

## Step 3
COMMAND: out: show-environment -g PANE_BORDER_LINES
zz exit: 0
tmux exit: 0
zz stderr:
    <empty>
tmux stderr:
    <empty>
zz stdout:
    PANE_BORDER_LINES=clean:21
tmux stdout:
    PANE_BORDER_LINES=clean:21
OUT: clean
SMOKE STDERR: clean
TOPO: clean
GEO: clean

SUMMARY steps=3 topo_divergences=0 geo_divergences=0 fmt_divergences=0 out_divergences=0 warn_divergences=0
